data1:
  key1: file-03-01
  key2: file-02-01
  key3: file-01-01
data2:
  key1: file-03-01
  key2: file-02-01
  key3: file-01-01
data3:
  key1: file-03-01
  key2: file-02-01
  key3: file-01-01

