data1:
  ejson: ejson-01
  json: json-01
  yaml: yaml-01
  yml: yml-01
data2:
  ejson: ejson-01
  json: json-01
  yaml: yaml-01
  yml: yml-01
data3:
  ejson: ejson-01
  json: json-01
  yaml: yaml-01
  yml: yml-01

