root1:
  data1:
    ejson: ejson-02-01
    json: json-02-01
    yaml: yaml-02-01
    yml: yml-02-01
  data2:
    ejson: ejson-01-01
    json: json-01-01
    yaml: yaml-01-01
    yml: yml-01
root2:
  data1:
    ejson: ejson-02-01
    json: json-02-01
    yaml: yaml-02-01
    yml: yml-02-01
  data2:
    ejson: ejson-01-01
    json: json-01-01
    yaml: yaml-01-01
    yml: yml-01-01
root3:
  data1:
    ejson: ejson-02-01
    json: json-02-01
    yaml: yaml-02-01
    yml: yml-02-01
  data2:
    ejson: ejson-01-01
    json: json-01-01
    yaml: yaml-01-01
    yml: yml-01-01

