data1:
  key1: file-03-03
  key2: file-02-03
  key3: file-01-03
data2:
  key1: file-03-02
  key2: file-02-02
  key3: file-01-02
data3:
  key1: file-03-01
  key2: file-02-01
  key3: file-01-01

